[www.purview-genesisgroup.com/index.html]
[d2wvwvig0d1mx7.cloudfront.net/data/org/23240/theme/37906/img/apple-touch-icon-57x57.png]
[fonts.googleapis.com/index.html]
[d2wvwvig0d1mx7.cloudfront.net/data/org/23240/theme/37906/img/apple-touch-icon-60x60.png]
[d2wvwvig0d1mx7.cloudfront.net/data/org/23240/theme/37906/img/apple-touch-icon-72x72.png]
[d2wvwvig0d1mx7.cloudfront.net/data/org/23240/theme/37906/img/apple-touch-icon-76x76.png]
[d2wvwvig0d1mx7.cloudfront.net/data/org/23240/theme/37906/img/apple-touch-icon-114x114.png]
[d2wvwvig0d1mx7.cloudfront.net/data/org/23240/theme/37906/img/apple-touch-icon-120x120.png]
[d2wvwvig0d1mx7.cloudfront.net/data/org/23240/theme/37906/img/apple-touch-icon-144x144.png]
[d2wvwvig0d1mx7.cloudfront.net/data/org/23240/theme/37906/img/apple-touch-icon-152x152.png]
[d2wvwvig0d1mx7.cloudfront.net/data/org/23240/theme/37906/img/apple-touch-icon-192x192.png]
[d2wvwvig0d1mx7.cloudfront.net/data/org/23240/theme/37906/img/apple-touch-icon-512x512.png]
[d2wvwvig0d1mx7.cloudfront.net/data/org/23240/theme/37906/img/android-chrome-192x192.png]
[d2wvwvig0d1mx7.cloudfront.net/data/org/23240/theme/37906/img/android-chrome-512x512.png]
[www.purview-genesisgroup.com/i18nfront1b7f.js]
[www.purview-genesisgroup.com/site.webmanifest]
[backblue.gif]
[fade.gif]
[index.html]
[www.purview-genesisgroup.com/data/global/media/static/min/c3b51dfa00edae5532f6ca18e45f808b2d83a89f6dd0897248ab7c70c809f32d.js]
[cdn.webware.io/static/min/core.min.css]
[cdn.webware.io/static/min/core.min.js]
[cdn.webware.io/data/global/media/css/bx_styles/bx_styles-v2.css]
[cdn.webware.io/data/global/media/js/jquery.bxslider-v2.min.js]
[d2wvwvig0d1mx7.cloudfront.net/data/global/media/css/chosen.min.css]
[d14ty28lkqz1hw.cloudfront.net/data/org/23240/theme/37906/css/foundation.min.css]
[d14ty28lkqz1hw.cloudfront.net/data/org/23240/theme/37906/css/foundation-icons.css]
[d14ty28lkqz1hw.cloudfront.net/data/org/23240/theme/37906/css/skeleton.css]
[d14ty28lkqz1hw.cloudfront.net/data/org/23240/theme/37906/css/site.css]
[d14ty28lkqz1hw.cloudfront.net/data/org/23240/theme/37906/css/slick.css]
[d14ty28lkqz1hw.cloudfront.net/data/org/23240/theme/37906/css/page-types.css]
[d14ty28lkqz1hw.cloudfront.net/data/org/23240/theme/37906/img/logo.png]
[www.purview-genesisgroup.com/pages/real-estate-immigration-consultancy-industrial-catering.html]
[www.purview-genesisgroup.com/pages/real-estate-development-industrial-catering-consultancy-services.html]
[www.purview-genesisgroup.com/pages/purview-trade-ventures-ltd.html]
[www.purview-genesisgroup.com/pages/purview-canada-inc.html]
[www.purview-genesisgroup.com/pages/genesis-corporation.html]
[www.purview-genesisgroup.com/pages/lands-end-industrial-catering-support-services.html]
[www.purview-genesisgroup.com/pages/purview-homes-designs-limited.html]
[www.purview-genesisgroup.com/pages/purview-condominiums-ltd.html]
[www.purview-genesisgroup.com/pages/purview-swiftshop.html]
[www.purview-genesisgroup.com/blogs/immigration-consultancy-interior-design-industrial-catering-blog.html]
[d2wvwvig0d1mx7.cloudfront.net/data/org/23240/media/img/cache/1900x0/2447039_1900x0.jpg]
[d2wvwvig0d1mx7.cloudfront.net/data/org/23240/media/img/cache/1900x0/2447040_1900x0.jpg]
[d2wvwvig0d1mx7.cloudfront.net/data/org/23240/media/img/cache/1900x0/2447041_1900x0.jpg]
[d2wvwvig0d1mx7.cloudfront.net/data/org/23240/media/img/cache/1900x0/2447042_1900x0.jpg]
[d2wvwvig0d1mx7.cloudfront.net/data/org/23240/media/img/cache/1900x0/2447044_1900x0.jpg]
[s3-ap-southeast-1.amazonaws.com/assets-powerstores-com/data/org/23240/theme/37906/img/img1.png]
[d2wvwvig0d1mx7.cloudfront.net/data/org/23240/media/img/cache/638x0/2455093_638x0.png]
[s3-ap-southeast-1.amazonaws.com/assets-powerstores-com/data/org/23240/theme/37906/img/img3.png]
[d2wvwvig0d1mx7.cloudfront.net/data/org/23240/media/img/cache/217x0/2437076_217x0.jpg]
[d2wvwvig0d1mx7.cloudfront.net/data/org/23240/media/img/cache/217x0/2437075_217x0.jpg]
[d2wvwvig0d1mx7.cloudfront.net/data/org/23240/media/img/cache/217x0/2437074_217x0.jpg]
[d2wvwvig0d1mx7.cloudfront.net/data/org/23240/media/img/cache/217x0/2437073_217x0.jpg]
[d2wvwvig0d1mx7.cloudfront.net/data/org/23240/media/img/cache/217x0/2439427_217x0.jpg]
[d2wvwvig0d1mx7.cloudfront.net/data/org/23240/media/img/cache/217x0/2439428_217x0.jpg]
[d2wvwvig0d1mx7.cloudfront.net/data/org/23240/media/img/cache/217x0/2440317_217x0.jpg]
[d2wvwvig0d1mx7.cloudfront.net/data/org/23240/media/img/cache/1000x0/2437083_1000x0.png]
[d14ty28lkqz1hw.cloudfront.net/data/org/23240/theme/37906/js/moment.min.js]
[d14ty28lkqz1hw.cloudfront.net/data/org/23240/theme/37906/js/easyResponsiveTabs.js]
[d14ty28lkqz1hw.cloudfront.net/data/org/23240/theme/37906/css/jquery.fancybox.min.css]
[d14ty28lkqz1hw.cloudfront.net/data/org/23240/theme/37906/js/jquery.fancybox.js]
[d2wvwvig0d1mx7.cloudfront.net/data/global/media/js/chosen.jquery.min.js]
[www.purview-genesisgroup.com/index691d.html]
[d14ty28lkqz1hw.cloudfront.net/data/org/23240/theme/37906/js/common.js]
[d14ty28lkqz1hw.cloudfront.net/data/org/23240/theme/37906/js/foundation.min.js]
[www.purview-genesisgroup.com/index.html]
[d2wvwvig0d1mx7.cloudfront.net/index.html]
[d14ty28lkqz1hw.cloudfront.net/data/org/23240/theme/37906/js/slick.js]
[d14ty28lkqz1hw.cloudfront.net/index.html]
[fonts.googleapis.com/index.html]
[fonts.gstatic.com/index.html]
[fonts.googleapis.com/css2bedf.css]
[www.purview-genesisgroup.com/i18nfrontda9c.js]
[cdn.webware.io/data/global/media/js/int-tel-input/css/intlTelInput.min.css]
[cdn.webware.io/data/global/media/js/int-tel-input/js/intlTelInput.min.js]
[www.purview-genesisgroup.com/pages/real-estate-immigration-consultancy-industrial-catering.html]
[www.google.com/recaptcha/api91d8.js]
[d2wvwvig0d1mx7.cloudfront.net/data/org/23240/media/img/cache/638x0/2456396_638x0.png]
[www.purview-genesisgroup.com/i18nfront7a4e.js]
[d2wvwvig0d1mx7.cloudfront.net/data/org/23240/media/img/cache/220x0/2437012_220x0.jpg]
[d2wvwvig0d1mx7.cloudfront.net/data/org/23240/media/img/cache/220x0/2437013_220x0.jpg]
[d2wvwvig0d1mx7.cloudfront.net/data/org/23240/media/img/cache/220x0/2437014_220x0.jpg]
[s3-ap-southeast-1.amazonaws.com/assets-powerstores-com/data/org/23240/theme/37906/img/INTERIORS-THEME-dczxc_30.jpg]
[www.purview-genesisgroup.com/pages/real-estate-development-industrial-catering-consultancy-services.html]
[www.purview-genesisgroup.com/i18nfront75b5.js]
[d2wvwvig0d1mx7.cloudfront.net/data/org/23240/media/img/cache/1600x0/2446991_1600x0.jpg]
[d2wvwvig0d1mx7.cloudfront.net/data/org/23240/media/img/cache/550x0/2449226_550x0.png]
[s3-ap-southeast-1.amazonaws.com/assets-powerstores-com/data/org/23240/theme/37906/img/img8.jpg]
[www.purview-genesisgroup.com/pages/purview-trade-ventures-ltd.html]
[www.purview-genesisgroup.com/i18nfrontd1c5.js]
[d2wvwvig0d1mx7.cloudfront.net/data/org/23240/media/img/cache/1600x0/2449250_1600x0.jpg]
[d2wvwvig0d1mx7.cloudfront.net/data/org/23240/media/img/cache/550x0/2437047_550x0.png]
[www.purview-genesisgroup.com/pages/purview-canada-inc.html]
[s3-ap-southeast-1.amazonaws.com/assets-powerstores-com/data/org/23240/theme/37906/img/img9.jpg]
[d2wvwvig0d1mx7.cloudfront.net/data/org/23240/media/img/cache/1600x0/2437049_1600x0.jpg]
[www.purview-genesisgroup.com/i18nfront63d9.js]
[d2wvwvig0d1mx7.cloudfront.net/data/org/23240/media/img/cache/550x0/2437051_550x0.png]
[s3-ap-southeast-1.amazonaws.com/assets-powerstores-com/data/org/23240/theme/37906/img/img10.jpg]
[www.purview-genesisgroup.com/pages/genesis-corporation.html]
[www.purview-genesisgroup.com/i18nfrontfced.js]
[d2wvwvig0d1mx7.cloudfront.net/data/org/23240/media/img/cache/1600x0/2455004_1600x0.jpg]
[d2wvwvig0d1mx7.cloudfront.net/data/org/23240/media/img/cache/550x0/2437053_550x0.png]
[s3-ap-southeast-1.amazonaws.com/assets-powerstores-com/data/org/23240/theme/37906/img/img11_02.jpg]
[www.purview-genesisgroup.com/pages/lands-end-industrial-catering-support-services.html]
[s3-ap-southeast-1.amazonaws.com/assets-powerstores-com/data/org/23240/theme/37906/img/img11_04.jpg]
[d2wvwvig0d1mx7.cloudfront.net/data/org/23240/media/img/cache/1600x0/2437055_1600x0.jpg]
[www.purview-genesisgroup.com/i18nfronta25a.js]
[d2wvwvig0d1mx7.cloudfront.net/data/org/23240/media/img/cache/550x0/2437056_550x0.png]
[s3-ap-southeast-1.amazonaws.com/assets-powerstores-com/data/org/23240/theme/37906/img/2.jpg]
[www.purview-genesisgroup.com/pages/purview-homes-designs-limited.html]
[www.purview-genesisgroup.com/i18nfront7241.js]
[d2wvwvig0d1mx7.cloudfront.net/data/org/23240/media/img/cache/1600x0/2437057_1600x0.jpg]
[d2wvwvig0d1mx7.cloudfront.net/data/org/23240/media/img/cache/550x0/2457734_550x0.png]
[s3-ap-southeast-1.amazonaws.com/assets-powerstores-com/data/org/23240/theme/37906/img/1.jpg]
[www.purview-genesisgroup.com/pages/purview-condominiums-ltd.html]
[www.purview-genesisgroup.com/i18nfrontb698.js]
[s3-ap-southeast-1.amazonaws.com/assets-powerstores-com/data/org/23240/theme/37906/img/logo-n.png]
[www.purview-genesisgroup.com/pages/purview-swiftshop.html]
[www.purview-genesisgroup.com/i18nfront2f65.js]
[www.purview-genesisgroup.com/blogs/immigration-consultancy-interior-design-industrial-catering-blog.atom]
[d2wvwvig0d1mx7.cloudfront.net/data/org/23240/media/img/cache/1600x0/2449248_1600x0.jpg]
[www.purview-genesisgroup.com/blogs/immigration-consultancy-interior-design-industrial-catering-blog/806002-season-s-greetings-from-purview-genesis-group.html]
[www.purview-genesisgroup.com/blogs/immigration-consultancy-interior-design-industrial-catering-blog/tagged/furnishing-services.html]
[www.purview-genesisgroup.com/blogs/immigration-consultancy-interior-design-industrial-catering-blog/tagged/immigration-consultancy.html]
[www.purview-genesisgroup.com/blogs/immigration-consultancy-interior-design-industrial-catering-blog/tagged/real-estate-developments.html]
[d2wvwvig0d1mx7.cloudfront.net/data/org/23240/media/img/cache/1000x0/2511748_1000x0.jpg]
[www.purview-genesisgroup.com/blogs/immigration-consultancy-interior-design-industrial-catering-blog/802239-what-makes-purview-genesis-group-stand-out.html]
[www.purview-genesisgroup.com/blogs/immigration-consultancy-interior-design-industrial-catering-blog/tagged/real-estate-constructions.html]
[www.purview-genesisgroup.com/blogs/immigration-consultancy-interior-design-industrial-catering-blog/tagged/real-estate-investments.html]
[d2wvwvig0d1mx7.cloudfront.net/data/org/23240/media/img/cache/1000x0/2506610_1000x0.jpg]
[www.purview-genesisgroup.com/blogs/immigration-consultancy-interior-design-industrial-catering-blog/781395-bangladeshi-jute-goods--handicrafts-win-hearts-at-fair-in-china.html]
[www.purview-genesisgroup.com/blogs/immigration-consultancy-interior-design-industrial-catering-blog/779746-xiaomi-opens-local-assembly-plant-in-gazipur.html]
[d2wvwvig0d1mx7.cloudfront.net/data/org/23240/media/img/cache/1000x0/2477090_1000x0.jpg]
[www.purview-genesisgroup.com/blogs/immigration-consultancy-interior-design-industrial-catering-blog/748232-announcing-the-new-website.html]
[www.purview-genesisgroup.com/blogs/immigration-consultancy-interior-design-industrial-catering-blog/tagged/business-consultancy-services.html]
[www.purview-genesisgroup.com/blogs/immigration-consultancy-interior-design-industrial-catering-blog/tagged/canadian-subsidiary.html]
[www.purview-genesisgroup.com/blogs/immigration-consultancy-interior-design-industrial-catering-blog/tagged/industrial-catering.html]
[www.purview-genesisgroup.com/blogs/immigration-consultancy-interior-design-industrial-catering-blog/tagged/industrial-support-services.html]
[www.purview-genesisgroup.com/blogs/immigration-consultancy-interior-design-industrial-catering-blog/tagged/interior-decoration.html]
[www.purview-genesisgroup.com/blogs/immigration-consultancy-interior-design-industrial-catering-blog/tagged/interior-design-services.html]
[www.purview-genesisgroup.com/blogs/immigration-consultancy-interior-design-industrial-catering-blog/tagged/international-trading.html]
[www.purview-genesisgroup.com/blogs/immigration-consultancy-interior-design-industrial-catering-blog/tagged/marketing-research.html]
[www.purview-genesisgroup.com/blogs/immigration-consultancy-interior-design-industrial-catering-blog/tagged/project-management-services.html]
[www.purview-genesisgroup.com/blogs/immigration-consultancy-interior-design-industrial-catering-blog/tagged/solar-technology-transfer.html]
[www.purview-genesisgroup.com/blogs/immigration-consultancy-interior-design-industrial-catering-blog/tagged/sourcing---import.html]
[www.purview-genesisgroup.com/blogs/immigration-consultancy-interior-design-industrial-catering-blog/tagged/support-services-for-foreign-investors.html]
[www.purview-genesisgroup.com/blogs/immigration-consultancy-interior-design-industrial-catering-blog/tagged/water-treatment-plants.html]
[d2wvwvig0d1mx7.cloudfront.net/data/org/23240/media/img/cache/1000x0/2477460_1000x0.png]
[www.purview-genesisgroup.com/blogs/immigration-consultancy-interior-design-industrial-catering-blog.html]
[www.purview-genesisgroup.com/index691d.html]
[d14ty28lkqz1hw.cloudfront.net/data/org/23240/media/img/source/edit/2511747_edit.jpg]
[www.purview-genesisgroup.com/i18nfront82dc.js]
[www.purview-genesisgroup.com/blogs/immigration-consultancy-interior-design-industrial-catering-blog/806002-season-s-greetings-from-purview-genesis-group.html]
[www.purview-genesisgroup.com/i18nfront7b24.js]
[www.purview-genesisgroup.com/blogs/immigration-consultancy-interior-design-industrial-catering-blog/tagged/furnishing-services.html]
[www.purview-genesisgroup.com/i18nfronte741.js]
[www.purview-genesisgroup.com/blogs/immigration-consultancy-interior-design-industrial-catering-blog/tagged/immigration-consultancy.html]
[www.purview-genesisgroup.com/i18nfrontd0e7.js]
[www.purview-genesisgroup.com/blogs/immigration-consultancy-interior-design-industrial-catering-blog/tagged/real-estate-developments.html]
[www.purview-genesisgroup.com/i18nfront590f.js]
[www.purview-genesisgroup.com/blogs/immigration-consultancy-interior-design-industrial-catering-blog/802239-what-makes-purview-genesis-group-stand-out.html]
[www.purview-genesisgroup.com/i18nfront4b02.js]
[www.purview-genesisgroup.com/blogs/immigration-consultancy-interior-design-industrial-catering-blog/tagged/real-estate-constructions.html]
[www.purview-genesisgroup.com/i18nfront38b1.js]
[www.purview-genesisgroup.com/blogs/immigration-consultancy-interior-design-industrial-catering-blog/tagged/real-estate-investments.html]
[www.purview-genesisgroup.com/blogs/immigration-consultancy-interior-design-industrial-catering-blog/781395-bangladeshi-jute-goods--handicrafts-win-hearts-at-fair-in-china.html]
[www.purview-genesisgroup.com/i18nfrontb8f0.js]
[www.purview-genesisgroup.com/blogs/immigration-consultancy-interior-design-industrial-catering-blog/779746-xiaomi-opens-local-assembly-plant-in-gazipur.html]
[www.purview-genesisgroup.com/i18nfrontd0ae.js]
[www.purview-genesisgroup.com/blogs/immigration-consultancy-interior-design-industrial-catering-blog/748232-announcing-the-new-website.html]
[www.purview-genesisgroup.com/i18nfrontcd90.js]
[www.purview-genesisgroup.com/blogs/immigration-consultancy-interior-design-industrial-catering-blog/tagged/business-consultancy-services.html]
[www.purview-genesisgroup.com/i18nfrontdfc1.js]
[www.purview-genesisgroup.com/blogs/immigration-consultancy-interior-design-industrial-catering-blog/tagged/canadian-subsidiary.html]
[www.purview-genesisgroup.com/i18nfront0d17.js]
[www.purview-genesisgroup.com/blogs/immigration-consultancy-interior-design-industrial-catering-blog/tagged/industrial-catering.html]
[www.purview-genesisgroup.com/i18nfront1d2d.js]
[www.purview-genesisgroup.com/blogs/immigration-consultancy-interior-design-industrial-catering-blog/tagged/industrial-support-services.html]
[www.purview-genesisgroup.com/i18nfront7815.js]
[www.purview-genesisgroup.com/blogs/immigration-consultancy-interior-design-industrial-catering-blog/tagged/interior-decoration.html]
[www.purview-genesisgroup.com/i18nfront3083.js]
[www.purview-genesisgroup.com/blogs/immigration-consultancy-interior-design-industrial-catering-blog/tagged/interior-design-services.html]
[www.purview-genesisgroup.com/i18nfrontb0d4.js]
[www.purview-genesisgroup.com/i18nfront487f.js]
[www.purview-genesisgroup.com/blogs/immigration-consultancy-interior-design-industrial-catering-blog/tagged/international-trading.html]
[www.purview-genesisgroup.com/i18nfront9499.js]
[www.purview-genesisgroup.com/blogs/immigration-consultancy-interior-design-industrial-catering-blog/tagged/marketing-research.html]
[www.purview-genesisgroup.com/i18nfrontf3e6.js]
[www.purview-genesisgroup.com/blogs/immigration-consultancy-interior-design-industrial-catering-blog/tagged/project-management-services.html]
[www.purview-genesisgroup.com/i18nfront00f3.js]
[www.purview-genesisgroup.com/blogs/immigration-consultancy-interior-design-industrial-catering-blog/tagged/solar-technology-transfer.html]
[www.purview-genesisgroup.com/i18nfrontc7a7.js]
[www.purview-genesisgroup.com/blogs/immigration-consultancy-interior-design-industrial-catering-blog/tagged/sourcing---import.html]
[www.purview-genesisgroup.com/i18nfront883b.js]
[www.purview-genesisgroup.com/blogs/immigration-consultancy-interior-design-industrial-catering-blog/tagged/support-services-for-foreign-investors.html]
[www.purview-genesisgroup.com/i18nfrontd89b.js]
[www.purview-genesisgroup.com/blogs/immigration-consultancy-interior-design-industrial-catering-blog/tagged/water-treatment-plants.html]
[d2wvwvig0d1mx7.cloudfront.net/data/org/23240/media/img/cache/1900x0/2447039_1900x0.jpg]
[d2wvwvig0d1mx7.cloudfront.net/data/org/23240/media/img/cache/1900x0/2447040_1900x0.jpg]
[www.purview-genesisgroup.com/i18nfront3fa1.js]
[d2wvwvig0d1mx7.cloudfront.net/data/org/23240/media/img/cache/1900x0/2447041_1900x0.jpg]
[cdn.webware.io/static/min/core.min.js]
[d2wvwvig0d1mx7.cloudfront.net/data/org/23240/media/img/cache/1900x0/2447042_1900x0.jpg]
[d2wvwvig0d1mx7.cloudfront.net/data/org/23240/media/img/cache/1900x0/2447044_1900x0.jpg]
[cdn.webware.io/data/global/media/img/admin/close-status.png]
[d2wvwvig0d1mx7.cloudfront.net/data/org/23240/media/img/cache/638x0/2455093_638x0.png]
[d2wvwvig0d1mx7.cloudfront.net/data/org/23240/media/img/cache/217x0/2437076_217x0.jpg]
[cdn.webware.io/data/global/media/img/admin/success.png]
[d2wvwvig0d1mx7.cloudfront.net/data/org/23240/media/img/cache/217x0/2437075_217x0.jpg]
[d2wvwvig0d1mx7.cloudfront.net/data/org/23240/media/img/cache/217x0/2437074_217x0.jpg]
[d2wvwvig0d1mx7.cloudfront.net/data/org/23240/media/img/cache/217x0/2437073_217x0.jpg]
[d2wvwvig0d1mx7.cloudfront.net/data/org/23240/media/img/cache/217x0/2439427_217x0.jpg]
[d2wvwvig0d1mx7.cloudfront.net/data/org/23240/media/img/cache/217x0/2439428_217x0.jpg]
[d2wvwvig0d1mx7.cloudfront.net/data/org/23240/media/img/cache/217x0/2440317_217x0.jpg]
[cdn.webware.io/data/global/media/img/admin/error.png]
[d2wvwvig0d1mx7.cloudfront.net/data/org/23240/media/img/cache/1000x0/2437083_1000x0.png]
[d14ty28lkqz1hw.cloudfront.net/data/org/23240/theme/37906/js/moment.min.js]
[d14ty28lkqz1hw.cloudfront.net/data/org/23240/theme/37906/js/easyResponsiveTabs.js]
[d14ty28lkqz1hw.cloudfront.net/data/org/23240/theme/37906/js/jquery.fancybox.js]
[cdn.webware.io/data/global/media/img/admin/warning.png]
[cdn.webware.io/data/global/media/img/loading-grey-bg.gif]
[cdn.webware.io/data/global/media/img/loading.gif]
[cdn.webware.io/data/global/media/css/jqueryfiletree/2.1.4/images/search.png]
[cdn.webware.io/data/global/media/img/animated-overlay-grey.gif]
[d14ty28lkqz1hw.cloudfront.net/data/org/23240/theme/37906/js/foundation.min.js]
[d14ty28lkqz1hw.cloudfront.net/data/org/23240/theme/37906/js/common.js]
[d14ty28lkqz1hw.cloudfront.net/data/org/23240/theme/37906/js/slick.js]
[cdn.webware.io/data/global/media/img/addcart.png]
[www.purview-genesisgroup.com/i18nfrontda9c.js]
[cdn.webware.io/data/global/media/img/remove-btn.jpg]
[www.google.com/recaptcha/api91d8.js]
[cdn.webware.io/data/global/media/img/edit-orange.png]
[d2wvwvig0d1mx7.cloudfront.net/data/org/23240/media/img/cache/638x0/2456396_638x0.png]
[www.purview-genesisgroup.com/i18nfront7a4e.js]
[cdn.webware.io/data/global/media/img/add-orange.png]
[d2wvwvig0d1mx7.cloudfront.net/data/org/23240/media/img/cache/220x0/2437012_220x0.jpg]
[d2wvwvig0d1mx7.cloudfront.net/data/org/23240/media/img/cache/220x0/2437013_220x0.jpg]
[d2wvwvig0d1mx7.cloudfront.net/data/org/23240/media/img/cache/220x0/2437014_220x0.jpg]
[cdn.webware.io/data/global/media/img/delete-orange.png]
[www.purview-genesisgroup.com/i18nfront75b5.js]
[d2wvwvig0d1mx7.cloudfront.net/data/org/23240/media/img/cache/1600x0/2446991_1600x0.jpg]
[cdn.webware.io/data/global/media/img/edit-white.png]
[cdn.webware.io/data/global/media/img/delete-white.png]
[d2wvwvig0d1mx7.cloudfront.net/data/org/23240/media/img/cache/550x0/2449226_550x0.png]
[cdn.webware.io/data/global/media/img/star-rate.png]
[www.purview-genesisgroup.com/i18nfrontd1c5.js]
[cdn.webware.io/data/global/media/img/header_shadow.png]
[d2wvwvig0d1mx7.cloudfront.net/data/org/23240/media/img/cache/1600x0/2449250_1600x0.jpg]
[d2wvwvig0d1mx7.cloudfront.net/data/org/23240/media/img/cache/550x0/2437047_550x0.png]
[cdn.webware.io/data/global/media/img/colorbox-close.png]
[www.purview-genesisgroup.com/i18nfront63d9.js]
[d2wvwvig0d1mx7.cloudfront.net/data/org/23240/media/img/cache/1600x0/2437049_1600x0.jpg]
[cdn.webware.io/data/global/media/css/bx_styles/gray_next.png]
[d2wvwvig0d1mx7.cloudfront.net/data/org/23240/media/img/cache/550x0/2437051_550x0.png]
[cdn.webware.io/data/global/media/css/bx_styles/gray_prev.png]
[d2wvwvig0d1mx7.cloudfront.net/data/org/23240/media/img/cache/1600x0/2455004_1600x0.jpg]
[d2wvwvig0d1mx7.cloudfront.net/data/org/23240/media/img/cache/550x0/2437053_550x0.png]
[www.purview-genesisgroup.com/i18nfrontfced.js]
[cdn.webware.io/static/css/img/youtube_button.svg]
[cdn.webware.io/static/min/core.min.css]
[www.purview-genesisgroup.com/i18nfronta25a.js]
[d2wvwvig0d1mx7.cloudfront.net/data/org/23240/media/img/cache/1600x0/2437055_1600x0.jpg]
[d2wvwvig0d1mx7.cloudfront.net/data/org/23240/media/img/cache/550x0/2437056_550x0.png]
[cdn.webware.io/data/global/media/css/bx_styles/gray_pager.png]
[cdn.webware.io/data/global/media/css/bx_styles/gray_auto.png]
[cdn.webware.io/data/global/media/css/bx_styles/bx_loader.gif]
[cdn.webware.io/data/global/media/css/bx_styles/bx_styles-v2.css]
[d2wvwvig0d1mx7.cloudfront.net/data/global/media/img/chosen-sprite.png]
[www.purview-genesisgroup.com/i18nfront7241.js]
[d2wvwvig0d1mx7.cloudfront.net/data/global/media/img/chosen-sprite@2x.png]
[d2wvwvig0d1mx7.cloudfront.net/data/org/23240/media/img/cache/1600x0/2437057_1600x0.jpg]
[d2wvwvig0d1mx7.cloudfront.net/data/global/media/css/chosen.min.css]
[d2wvwvig0d1mx7.cloudfront.net/data/org/23240/media/img/cache/550x0/2457734_550x0.png]
[d14ty28lkqz1hw.cloudfront.net/data/org/23240/theme/37906/img/chosen-sprite.png]
[d14ty28lkqz1hw.cloudfront.net/data/org/23240/theme/37906/css/foundation.min.css]
[www.purview-genesisgroup.com/i18nfrontb698.js]
[www.purview-genesisgroup.com/i18nfront2f65.js]
[d14ty28lkqz1hw.cloudfront.net/data/org/23240/theme/37906/css/foundation-icons.css]
[d2wvwvig0d1mx7.cloudfront.net/data/org/23240/media/img/cache/1600x0/2449248_1600x0.jpg]
[d14ty28lkqz1hw.cloudfront.net/data/org/23240/theme/37906/img/back_to_top_image.jpg]
[d14ty28lkqz1hw.cloudfront.net/data/org/23240/theme/37906/css/skeleton.css]
[d2wvwvig0d1mx7.cloudfront.net/data/org/23240/media/img/cache/1000x0/2511748_1000x0.jpg]
[www.purview-genesisgroup.com/blogs/immigration-consultancy-interior-design-industrial-catering-blog.atom]
[s3-ap-southeast-1.amazonaws.com/assets-powerstores-com/data/org/23240/theme/37906/img/about-bg.c2.delayed]
[s3-ap-southeast-1.amazonaws.com/assets-powerstores-com/data/org/23240/theme/37906/img/img7.png]
[d2wvwvig0d1mx7.cloudfront.net/data/org/23240/media/img/cache/1000x0/2506610_1000x0.jpg]
[s3-ap-southeast-1.amazonaws.com/assets-powerstores-com/data/org/23240/theme/37906/img/img13_02.jpg]
[s3-ap-southeast-1.amazonaws.com/assets-powerstores-com/data/org/23240/theme/37906/img/img4_03.jpg]
[d14ty28lkqz1hw.cloudfront.net/data/org/23240/theme/37906/img/bg3.jpg]
[s3-ap-southeast-1.amazonaws.com/assets-powerstores-com/data/org/23240/theme/37906/img/img4.png]
[s3-ap-southeast-1.amazonaws.com/assets-powerstores-com/data/org/23240/theme/37906/img/img1_02.jpg]
[d14ty28lkqz1hw.cloudfront.net/data/org/23240/theme/37906/css/site.css]
[d2wvwvig0d1mx7.cloudfront.net/data/org/23240/media/img/cache/1000x0/2477090_1000x0.jpg]
[d2wvwvig0d1mx7.cloudfront.net/data/org/23240/media/img/cache/1000x0/2477460_1000x0.png]
[d14ty28lkqz1hw.cloudfront.net/data/org/23240/theme/37906/css/slick.css]
[d14ty28lkqz1hw.cloudfront.net/data/org/23240/theme/37906/css/page-types.css]
[www.purview-genesisgroup.com/i18nfront82dc.js]
[www.purview-genesisgroup.com/i18nfront7b24.js]
[d14ty28lkqz1hw.cloudfront.net/data/org/23240/media/img/source/edit/2511747_edit.jpg]
[www.purview-genesisgroup.com/index691d.html]
[www.purview-genesisgroup.com/i18nfronte741.js]
[d14ty28lkqz1hw.cloudfront.net/data/org/23240/theme/37906/img/ajax_loader.gif]
[d14ty28lkqz1hw.cloudfront.net/data/org/23240/theme/37906/img/close.png]
[www.purview-genesisgroup.com/i18nfront420e.js]
[d14ty28lkqz1hw.cloudfront.net/data/org/23240/theme/37906/img/previous.png]
[www.purview-genesisgroup.com/i18nfrontd0e7.js]
[www.purview-genesisgroup.com/i18nfront590f.js]
[www.purview-genesisgroup.com/i18nfrontd0ae.js]
[www.purview-genesisgroup.com/i18nfront4b02.js]
[www.purview-genesisgroup.com/i18nfront38b1.js]
[www.purview-genesisgroup.com/i18nfrontb8f0.js]
[d14ty28lkqz1hw.cloudfront.net/data/org/23240/theme/37906/img/next.png]
[d14ty28lkqz1hw.cloudfront.net/data/org/23240/theme/37906/css/jquery.fancybox.min.css]
[www.purview-genesisgroup.com/i18nfront0d17.js]
[www.purview-genesisgroup.com/i18nfrontcd90.js]
[www.purview-genesisgroup.com/i18nfrontdfc1.js]
[cdn.webware.io/data/global/media/js/int-tel-input/img/flags.png]
[www.purview-genesisgroup.com/i18nfront1d2d.js]
[www.purview-genesisgroup.com/i18nfront7815.js]
[www.purview-genesisgroup.com/i18nfront3083.js]
[www.purview-genesisgroup.com/i18nfrontb0d4.js]
[www.purview-genesisgroup.com/i18nfront487f.js]
[cdn.webware.io/data/global/media/js/int-tel-input/img/flags@2x.png]
[cdn.webware.io/data/global/media/js/int-tel-input/css/intlTelInput.min.css]
[www.purview-genesisgroup.com/i18nfront9499.js]
[www.purview-genesisgroup.com/i18nfrontf3e6.js]
[www.purview-genesisgroup.com/i18nfront00f3.js]
[www.purview-genesisgroup.com/blogs/immigration-consultancy-interior-design-industrial-catering-blog/806002-season-s-greetings-from-purview-genesis-group.html]
[www.purview-genesisgroup.com/blogs/immigration-consultancy-interior-design-industrial-catering-blog/802239-what-makes-purview-genesis-group-stand-out.html]
[www.purview-genesisgroup.com/i18nfront883b.js]
[www.purview-genesisgroup.com/i18nfrontd89b.js]
[www.purview-genesisgroup.com/i18nfrontc7a7.js]
[www.purview-genesisgroup.com/blogs/immigration-consultancy-interior-design-industrial-catering-blog/781395-bangladeshi-jute-goods--handicrafts-win-hearts-at-fair-in-china.html]
[www.purview-genesisgroup.com/blogs/immigration-consultancy-interior-design-industrial-catering-blog/748232-announcing-the-new-website.html]
[www.purview-genesisgroup.com/i18nfront3fa1.js]
[cdn.webware.io/static/css/img/youtube_button.svg]
[d14ty28lkqz1hw.cloudfront.net/data/org/23240/theme/37906/img/chosen-sprite.png]
[s3-ap-southeast-1.amazonaws.com/assets-powerstores-com/data/org/23240/theme/37906/img/foundation-icons.svg]
[d14ty28lkqz1hw.cloudfront.net/data/org/23240/theme/37906/img/back_to_top_image.jpg]
[d14ty28lkqz1hw.cloudfront.net/data/org/23240/theme/37906/img/chosen-sprite@2x.png]
[s3-ap-southeast-1.amazonaws.com/assets-powerstores-com/data/org/23240/theme/37906/img/about-bg.jpg]
[s3-ap-southeast-1.amazonaws.com/assets-powerstores-com/data/org/14875/theme/20953/img/foundation-icons.svg]
[d14ty28lkqz1hw.cloudfront.net/data/org/23240/theme/37906/img/next.png]
[d14ty28lkqz1hw.cloudfront.net/data/org/23240/theme/37906/img/bg-overlay.png]
[s7.addthis.com/js/300/addthis_widget.js]
